
  .   ____          _            __ _ _
 /\\ / ___'_ __ _ _(_)_ __  __ _ \ \ \ \
( ( )\___ | '_ | '_| | '_ \/ _` | \ \ \ \
 \\/  ___)| |_)| | | | | || (_| |  ) ) ) )
  '  |____| .__|_| |_|_| |_\__, | / / / /
 =========|_|==============|___/=/_/_/_/
 :: Spring Boot ::               (v2.7.18)

2026-07-10 10:22:56.714  INFO 33076 --- [           main] c.t.w.c.CrossVerificationApplication     : Starting CrossVerificationApplication using Java 1.8.0_101 on DESKTOP-KQD226K with PID 33076 (E:\桂电\区块链\多模态交通大模型\traffic\traffic-model-blockchain-verification\target\classes started by 10851 in E:\桂电\区块链\多模态交通大模型\traffic\traffic-model-blockchain-verification)
2026-07-10 10:22:56.720  INFO 33076 --- [           main] c.t.w.c.CrossVerificationApplication     : No active profile set, falling back to 1 default profile: "default"
2026-07-10 10:22:58.244  INFO 33076 --- [           main] o.s.b.w.embedded.tomcat.TomcatWebServer  : Tomcat initialized with port(s): 8088 (http)
2026-07-10 10:22:58.255  INFO 33076 --- [           main] o.apache.catalina.core.StandardService   : Starting service [Tomcat]
2026-07-10 10:22:58.256  INFO 33076 --- [           main] org.apache.catalina.core.StandardEngine  : Starting Servlet engine: [Apache Tomcat/9.0.83]
2026-07-10 10:22:58.378  INFO 33076 --- [           main] o.a.c.c.C.[Tomcat].[localhost].[/]       : Initializing Spring embedded WebApplicationContext
2026-07-10 10:22:58.378  INFO 33076 --- [           main] w.s.c.ServletWebServerApplicationContext : Root WebApplicationContext: initialization completed in 1597 ms
2026-07-10 10:22:58.635  INFO 33076 --- [           main] o.s.b.w.embedded.tomcat.TomcatWebServer  : Tomcat started on port(s): 8088 (http) with context path ''
2026-07-10 10:22:58.641  INFO 33076 --- [           main] c.t.w.c.CrossVerificationApplication     : Started CrossVerificationApplication in 2.272 seconds (JVM running for 2.646)
2026-07-10 10:24:13.816  INFO 33076 --- [nio-8088-exec-2] o.a.c.c.C.[Tomcat].[localhost].[/]       : Initializing Spring DispatcherServlet 'dispatcherServlet'
2026-07-10 10:24:13.816  INFO 33076 --- [nio-8088-exec-2] o.s.web.servlet.DispatcherServlet        : Initializing Servlet 'dispatcherServlet'
2026-07-10 10:24:13.819  INFO 33076 --- [nio-8088-exec-2] o.s.web.servlet.DispatcherServlet        : Completed initialization in 3 ms
2026-07-10 10:24:49.101  INFO 33076 --- [nio-8088-exec-1] c.t.w.c.s.VerificationRecordService      : verification record saved recordId=MERKLE-1783650289101-812776 verifyType=MERKLE businessId=traffic-batch-1783650287532 status=PASS ledgerStatus=DISABLED
2026-07-10 10:24:49.103  INFO 33076 --- [nio-8088-exec-1] c.t.w.c.s.VerificationRecordService      : verification ledger status updated recordId=MERKLE-1783650289101-812776 verifyType=MERKLE businessId=traffic-batch-1783650287532 status=PASS ledgerStatus=DISABLED
2026-07-10 10:24:54.962  INFO 33076 --- [nio-8088-exec-3] c.t.w.c.s.VerificationRecordService      : verification ledger status updated recordId=MERKLE-1783650289101-812776 verifyType=MERKLE businessId=traffic-batch-1783650287532 status=PASS ledgerStatus=SUCCESS
2026-07-10 10:56:44.087  INFO 33076 --- [nio-8088-exec-8] c.t.w.c.s.VerificationRecordService      : verification record saved recordId=ZKP-1783652204086-745420 verifyType=ZKP businessId=traffic-proof-1783652193757 status=PASS ledgerStatus=DISABLED
2026-07-10 10:56:44.095  INFO 33076 --- [nio-8088-exec-8] c.t.w.c.s.VerificationRecordService      : verification ledger status updated recordId=ZKP-1783652204086-745420 verifyType=ZKP businessId=traffic-proof-1783652193757 status=PASS ledgerStatus=DISABLED
2026-07-10 10:56:44.491  INFO 33076 --- [nio-8088-exec-7] c.t.w.c.s.VerificationRecordService      : verification ledger status updated recordId=ZKP-1783652204086-745420 verifyType=ZKP businessId=traffic-proof-1783652193757 status=PASS ledgerStatus=FAILED
2026-07-10 10:56:57.254  INFO 33076 --- [nio-8088-exec-2] c.t.w.c.s.VerificationRecordService      : verification record saved recordId=ZKP-1783652217254-579335 verifyType=ZKP businessId=traffic-proof-1783652214918 status=PASS ledgerStatus=DISABLED
2026-07-10 10:56:57.255  INFO 33076 --- [nio-8088-exec-2] c.t.w.c.s.VerificationRecordService      : verification ledger status updated recordId=ZKP-1783652217254-579335 verifyType=ZKP businessId=traffic-proof-1783652214918 status=PASS ledgerStatus=DISABLED
2026-07-10 10:57:03.069  INFO 33076 --- [nio-8088-exec-1] c.t.w.c.s.VerificationRecordService      : verification ledger status updated recordId=ZKP-1783652217254-579335 verifyType=ZKP businessId=traffic-proof-1783652214918 status=PASS ledgerStatus=SUCCESS
